Command line invocation:
    /Applications/Xcode.app/Contents/Developer/usr/bin/xcodebuild -project ./Quitty.xcodeproj -scheme Quitty -configuration Release -derivedDataPath ./build CONFIGURATION_BUILD_DIR=./build build

Build settings from command line:
    CONFIGURATION_BUILD_DIR = ./build

Resolve Package Graph


Resolved source packages:
  Sparkle: https://github.com/sparkle-project/Sparkle @ 2.9.0

--- xcodebuild: WARNING: Using the first of multiple matching destinations:
{ platform:macOS, arch:arm64, id:00008103-0009496236C3001E, name:My Mac }
{ platform:macOS, arch:x86_64, id:00008103-0009496236C3001E, name:My Mac }
{ platform:macOS, name:Any Mac }
ComputePackagePrebuildTargetDependencyGraph

Prepare packages

CreateBuildRequest

SendProjectDescription

CreateBuildOperation

ComputeTargetDependencyGraph
note: Building targets in dependency order
note: Target dependency graph (2 targets)
    Target 'Quitty' in project 'Quitty'
        ➜ Explicit dependency on target 'Sparkle' in project 'Sparkle'
    Target 'Sparkle' in project 'Sparkle' (no dependencies)

GatherProvisioningInputs

CreateBuildDescription

ClangStatCache /Applications/Xcode.app/Contents/Developer/Toolchains/XcodeDefault.xctoolchain/usr/bin/clang-stat-cache /Applications/Xcode.app/Contents/Developer/Platforms/MacOSX.platform/Developer/SDKs/MacOSX26.4.sdk /Users/chentao/Projects/chentao1006/quitty/build/SDKStatCaches.noindex/macosx26.4-25E236-30f9ca8789b706f8bd3fc906a70d770f.sdkstatcache
    cd /Users/chentao/Projects/chentao1006/quitty/Quitty.xcodeproj
    /Applications/Xcode.app/Contents/Developer/Toolchains/XcodeDefault.xctoolchain/usr/bin/clang-stat-cache /Applications/Xcode.app/Contents/Developer/Platforms/MacOSX.platform/Developer/SDKs/MacOSX26.4.sdk -o /Users/chentao/Projects/chentao1006/quitty/build/SDKStatCaches.noindex/macosx26.4-25E236-30f9ca8789b706f8bd3fc906a70d770f.sdkstatcache

SwiftDriver Quitty normal arm64 com.apple.xcode.tools.swift.compiler (in target 'Quitty' from project 'Quitty')
    cd /Users/chentao/Projects/chentao1006/quitty
    builtin-SwiftDriver -- /Applications/Xcode.app/Contents/Developer/Toolchains/XcodeDefault.xctoolchain/usr/bin/swiftc -module-name Quitty -O -whole-module-optimization @/Users/chentao/Projects/chentao1006/quitty/build/Build/Intermediates.noindex/Quitty.build/Release/Quitty.build/Objects-normal/arm64/Quitty.SwiftFileList -enable-bare-slash-regex -enable-experimental-feature DebugDescriptionMacro -sdk /Applications/Xcode.app/Contents/Developer/Platforms/MacOSX.platform/Developer/SDKs/MacOSX26.4.sdk -target arm64-apple-macos11.5 -g -module-cache-path /Users/chentao/Projects/chentao1006/quitty/build/ModuleCache.noindex -Xfrontend -serialize-debugging-options -swift-version 5 -I /Users/chentao/Projects/chentao1006/quitty/build -F /Users/chentao/Projects/chentao1006/quitty/build -emit-localized-strings -emit-localized-strings-path /Users/chentao/Projects/chentao1006/quitty/build/Build/Intermediates.noindex/Quitty.build/Release/Quitty.build/Objects-normal/arm64 -c -num-threads 8 -Xcc -ivfsstatcache -Xcc /Users/chentao/Projects/chentao1006/quitty/build/SDKStatCaches.noindex/macosx26.4-25E236-30f9ca8789b706f8bd3fc906a70d770f.sdkstatcache -output-file-map /Users/chentao/Projects/chentao1006/quitty/build/Build/Intermediates.noindex/Quitty.build/Release/Quitty.build/Objects-normal/arm64/Quitty-OutputFileMap.json -use-frontend-parseable-output -save-temps -no-color-diagnostics -explicit-module-build -module-cache-path /Users/chentao/Projects/chentao1006/quitty/build/Build/Intermediates.noindex/SwiftExplicitPrecompiledModules -clang-scanner-module-cache-path /Users/chentao/Projects/chentao1006/quitty/build/ModuleCache.noindex -sdk-module-cache-path /Users/chentao/Projects/chentao1006/quitty/build/ModuleCache.noindex -serialize-diagnostics -emit-dependencies -emit-module -emit-module-path /Users/chentao/Projects/chentao1006/quitty/build/Build/Intermediates.noindex/Quitty.build/Release/Quitty.build/Objects-normal/arm64/Quitty.swiftmodule -validate-clang-modules-once -clang-build-session-file /Users/chentao/Projects/chentao1006/quitty/build/ModuleCache.noindex/Session.modulevalidation -Xcc -I/Users/chentao/Projects/chentao1006/quitty/build/Build/Intermediates.noindex/Quitty.build/Release/Quitty.build/swift-overrides.hmap -emit-const-values -Xfrontend -const-gather-protocols-file -Xfrontend /Users/chentao/Projects/chentao1006/quitty/build/Build/Intermediates.noindex/Quitty.build/Release/Quitty.build/Objects-normal/arm64/Quitty_const_extract_protocols.json -Xcc -iquote -Xcc /Users/chentao/Projects/chentao1006/quitty/build/Build/Intermediates.noindex/Quitty.build/Release/Quitty.build/Quitty-generated-files.hmap -Xcc -I/Users/chentao/Projects/chentao1006/quitty/build/Build/Intermediates.noindex/Quitty.build/Release/Quitty.build/Quitty-own-target-headers.hmap -Xcc -I/Users/chentao/Projects/chentao1006/quitty/build/Build/Intermediates.noindex/Quitty.build/Release/Quitty.build/Quitty-all-target-headers.hmap -Xcc -iquote -Xcc /Users/chentao/Projects/chentao1006/quitty/build/Build/Intermediates.noindex/Quitty.build/Release/Quitty.build/Quitty-project-headers.hmap -Xcc -I/Users/chentao/Projects/chentao1006/quitty/build/include -Xcc -I/Users/chentao/Projects/chentao1006/quitty/build/Build/Intermediates.noindex/Quitty.build/Release/Quitty.build/DerivedSources-normal/arm64 -Xcc -I/Users/chentao/Projects/chentao1006/quitty/build/Build/Intermediates.noindex/Quitty.build/Release/Quitty.build/DerivedSources/arm64 -Xcc -I/Users/chentao/Projects/chentao1006/quitty/build/Build/Intermediates.noindex/Quitty.build/Release/Quitty.build/DerivedSources -emit-objc-header -emit-objc-header-path /Users/chentao/Projects/chentao1006/quitty/build/Build/Intermediates.noindex/Quitty.build/Release/Quitty.build/Objects-normal/arm64/Quitty-Swift.h -working-directory /Users/chentao/Projects/chentao1006/quitty -no-emit-module-separately-wmo

SwiftExplicitDependencyGeneratePcm arm64 /Users/chentao/Projects/chentao1006/quitty/build/ModuleCache.noindex/_AvailabilityInternal-9EHX3IFISIWL6507UGSTLZ1H9.pcm

SwiftExplicitDependencyGeneratePcm arm64 /Users/chentao/Projects/chentao1006/quitty/build/ModuleCache.noindex/ptrcheck-2TRPNELKV5TW7O1L8NT6W6Q26.pcm

SwiftExplicitDependencyGeneratePcm arm64 /Users/chentao/Projects/chentao1006/quitty/build/ModuleCache.noindex/DeveloperToolsSupport-80IYCNEHC29IWNAJS70GHJNDB.pcm

SwiftExplicitDependencyGeneratePcm arm64 /Users/chentao/Projects/chentao1006/quitty/build/ModuleCache.noindex/_Builtin_stddef-O444E8QRC86M9JPT8WQE8QGN.pcm

SwiftExplicitDependencyGeneratePcm arm64 /Users/chentao/Projects/chentao1006/quitty/build/ModuleCache.noindex/_Builtin_stdbool-EBL5VGF9HTKTDHBUWLECKWRO.pcm

SwiftExplicitDependencyGeneratePcm arm64 /Users/chentao/Projects/chentao1006/quitty/build/ModuleCache.noindex/_SwiftConcurrencyShims-9RR8YHPTMSKVEAFHWJM5I7YHM.pcm

SwiftExplicitDependencyGeneratePcm arm64 /Users/chentao/Projects/chentao1006/quitty/build/ModuleCache.noindex/_Builtin_stdarg-A0J7VBJR6C9JASNKRV2UCFELW.pcm

SwiftExplicitDependencyGeneratePcm arm64 /Users/chentao/Projects/chentao1006/quitty/build/ModuleCache.noindex/_Builtin_float-7DCQA2MOLPZED386CKJQPJ2I2.pcm

SwiftExplicitDependencyGeneratePcm arm64 /Users/chentao/Projects/chentao1006/quitty/build/ModuleCache.noindex/SwiftShims-CCV6N9GNE888IZWXKQ9QC0T7G.pcm

SwiftExplicitDependencyGeneratePcm arm64 /Users/chentao/Projects/chentao1006/quitty/build/ModuleCache.noindex/ptrauth-72XTSZSXEH1F6THJMU5XQO68D.pcm

SwiftExplicitDependencyGeneratePcm arm64 /Users/chentao/Projects/chentao1006/quitty/build/ModuleCache.noindex/_DarwinFoundation1-B3TWG40EL980VR0TX3TTT457V.pcm

SwiftExplicitDependencyGeneratePcm arm64 /Users/chentao/Projects/chentao1006/quitty/build/ModuleCache.noindex/_DarwinFoundation2-28OMBE59XK3BH2YAS19BP3ZV4.pcm

SwiftExplicitDependencyGeneratePcm arm64 /Users/chentao/Projects/chentao1006/quitty/build/ModuleCache.noindex/_Builtin_limits-9DL4IKVTMAGMBVIBBG5UDXXZP.pcm

SwiftExplicitDependencyGeneratePcm arm64 /Users/chentao/Projects/chentao1006/quitty/build/ModuleCache.noindex/_Builtin_stdint-C2MVDXKTPJPFJHDOSKN3P55X7.pcm

SwiftExplicitDependencyGeneratePcm arm64 /Users/chentao/Projects/chentao1006/quitty/build/ModuleCache.noindex/sys_types-GBUUOT5GPLTT9RH2AA0R7ZB5.pcm

SwiftExplicitDependencyGeneratePcm arm64 /Users/chentao/Projects/chentao1006/quitty/build/ModuleCache.noindex/_Builtin_tgmath-2L2OICQXKOK6J5ZGDKOXZVCIS.pcm

SwiftExplicitDependencyGeneratePcm arm64 /Users/chentao/Projects/chentao1006/quitty/build/ModuleCache.noindex/_Builtin_stdatomic-1P734YH5MWILD4RHRRXFP9T0J.pcm

SwiftExplicitDependencyGeneratePcm arm64 /Users/chentao/Projects/chentao1006/quitty/build/ModuleCache.noindex/OpenGL-9TKA6YED6A3MA3EY6NYNMBVEF.pcm

SwiftExplicitDependencyGeneratePcm arm64 /Users/chentao/Projects/chentao1006/quitty/build/ModuleCache.noindex/_Builtin_intrinsics-C0MP47RNHLPCIPVSJX08TQ1GP.pcm

SwiftExplicitDependencyGeneratePcm arm64 /Users/chentao/Projects/chentao1006/quitty/build/ModuleCache.noindex/libDER-5ZCLKR15EMTYU4PG91TKQ4BQB.pcm

SwiftExplicitDependencyGeneratePcm arm64 /Users/chentao/Projects/chentao1006/quitty/build/ModuleCache.noindex/_DarwinFoundation3-3HHCYKX44JNP365C9IAJX7E5S.pcm

SwiftExplicitDependencyGeneratePcm arm64 /Users/chentao/Projects/chentao1006/quitty/build/ModuleCache.noindex/_Builtin_inttypes-1G083A3YXU8DJ5M60SNWK2LF.pcm

SwiftExplicitDependencyGeneratePcm arm64 /Users/chentao/Projects/chentao1006/quitty/build/ModuleCache.noindex/Darwin-2GUCVHUH9TSQL3C1IVMGODH71.pcm

SwiftExplicitDependencyGeneratePcm arm64 /Users/chentao/Projects/chentao1006/quitty/build/ModuleCache.noindex/simd-1W6X8V2K2QSA90N5P7D7YS1FS.pcm

SwiftExplicitDependencyGeneratePcm arm64 /Users/chentao/Projects/chentao1006/quitty/build/ModuleCache.noindex/libkern-9DCLIAWFAHMXB9BU9XPL0XC03.pcm

SwiftExplicitDependencyGeneratePcm arm64 /Users/chentao/Projects/chentao1006/quitty/build/ModuleCache.noindex/CUPS-1730YAM0F6FHKBZYJSTT1DH90.pcm

SwiftExplicitDependencyGeneratePcm arm64 /Users/chentao/Projects/chentao1006/quitty/build/ModuleCache.noindex/MachO-4GNWMGB6OSJKTG20I4E7T1S5M.pcm

SwiftExplicitDependencyGeneratePcm arm64 /Users/chentao/Projects/chentao1006/quitty/build/ModuleCache.noindex/launch-2UVV523IIFO3HPXHKI7K3V5CK.pcm

SwiftExplicitDependencyGeneratePcm arm64 /Users/chentao/Projects/chentao1006/quitty/build/ModuleCache.noindex/Spatial-6R72CFA8ZGC7XR6U1OEFMG032.pcm

SwiftExplicitDependencyGeneratePcm arm64 /Users/chentao/Projects/chentao1006/quitty/build/ModuleCache.noindex/ObjectiveC-9OE5NCJZ45S76Q5RIGFQY48Z5.pcm

SwiftExplicitDependencyGeneratePcm arm64 /Users/chentao/Projects/chentao1006/quitty/build/ModuleCache.noindex/os_object-3CKZHUJGC0UFUCD8HQ8N3T2CW.pcm

SwiftExplicitDependencyGeneratePcm arm64 /Users/chentao/Projects/chentao1006/quitty/build/ModuleCache.noindex/os_workgroup-4A55US1SYUEYLYFJ3GPF3ZON6.pcm

SwiftExplicitDependencyGeneratePcm arm64 /Users/chentao/Projects/chentao1006/quitty/build/ModuleCache.noindex/Dispatch-8PRSC0AF4D41FB3IYH6NHINEU.pcm

SwiftExplicitDependencyGeneratePcm arm64 /Users/chentao/Projects/chentao1006/quitty/build/ModuleCache.noindex/CoreFoundation-9A8Y0KXD9DVZNBUVPNV8MK84B.pcm

SwiftExplicitDependencyGeneratePcm arm64 /Users/chentao/Projects/chentao1006/quitty/build/ModuleCache.noindex/XPC-BCBGZVU83FNPCYEA9NAZPD3VY.pcm

SwiftExplicitDependencyGeneratePcm arm64 /Users/chentao/Projects/chentao1006/quitty/build/ModuleCache.noindex/os-EEPT92BU5NB2ATR8U86LJULZ0.pcm

SwiftExplicitDependencyGeneratePcm arm64 /Users/chentao/Projects/chentao1006/quitty/build/ModuleCache.noindex/ColorSync-6DLEENOKH3GAEH6E650QMHS2Q.pcm

SwiftExplicitDependencyGeneratePcm arm64 /Users/chentao/Projects/chentao1006/quitty/build/ModuleCache.noindex/CFNetwork-9F92L9SPYUDBSXY3C1FR8VERL.pcm

SwiftExplicitDependencyGeneratePcm arm64 /Users/chentao/Projects/chentao1006/quitty/build/ModuleCache.noindex/Security-E2S40469ZVD1IRYYKLOLVJYXZ.pcm

SwiftExplicitDependencyGeneratePcm arm64 /Users/chentao/Projects/chentao1006/quitty/build/ModuleCache.noindex/IOKit-6UZBWOI18VL48LCN1AIJGWDQ1.pcm

SwiftExplicitDependencyGeneratePcm arm64 /Users/chentao/Projects/chentao1006/quitty/build/ModuleCache.noindex/CoreGraphics-4QUE51R1AQQSUNWSUKUCDLWVW.pcm

SwiftExplicitDependencyGeneratePcm arm64 /Users/chentao/Projects/chentao1006/quitty/build/ModuleCache.noindex/DiskArbitration-5S5E7NQXYRLJG9I7IP2ZJ4TA2.pcm

SwiftExplicitDependencyGeneratePcm arm64 /Users/chentao/Projects/chentao1006/quitty/build/ModuleCache.noindex/CoreServices-9BVL7UFURR9O4G5E764GJ9C8Z.pcm

SwiftExplicitDependencyGeneratePcm arm64 /Users/chentao/Projects/chentao1006/quitty/build/ModuleCache.noindex/ImageIO-DL03QZKXNB0DQTYGOO1XZXS0O.pcm

SwiftExplicitDependencyGeneratePcm arm64 /Users/chentao/Projects/chentao1006/quitty/build/ModuleCache.noindex/CoreText-2LWQGD9UFU5CK4BDEFFNDGFQ0.pcm

SwiftExplicitDependencyGeneratePcm arm64 /Users/chentao/Projects/chentao1006/quitty/build/ModuleCache.noindex/Foundation-ALEC7KQDUNBOXJUL0335BW3GQ.pcm

SwiftExplicitDependencyGeneratePcm arm64 /Users/chentao/Projects/chentao1006/quitty/build/ModuleCache.noindex/Symbols-85LF4M3IR7SAZCMGKHXIXLSGU.pcm

SwiftExplicitDependencyGeneratePcm arm64 /Users/chentao/Projects/chentao1006/quitty/build/ModuleCache.noindex/CoreTransferable-CG2I9IN9YVQ92Q23S5O3C74HK.pcm

SwiftExplicitDependencyGeneratePcm arm64 /Users/chentao/Projects/chentao1006/quitty/build/ModuleCache.noindex/DataDetection-BD1YOLIS2GSUUZWTG2IKXXWKH.pcm

SwiftExplicitDependencyGeneratePcm arm64 /Users/chentao/Projects/chentao1006/quitty/build/ModuleCache.noindex/IOSurface-3Z1HTG6Z9BRUXI2WTGDHMSU5H.pcm

SwiftExplicitDependencyGeneratePcm arm64 /Users/chentao/Projects/chentao1006/quitty/build/ModuleCache.noindex/OSLog-EOH16IYTUMNM7ZFS830ITDXA5.pcm

SwiftExplicitDependencyGeneratePcm arm64 /Users/chentao/Projects/chentao1006/quitty/build/ModuleCache.noindex/CoreData-CRGG1GI878EG13M6NSVMMY0S1.pcm

SwiftExplicitDependencyGeneratePcm arm64 /Users/chentao/Projects/chentao1006/quitty/build/ModuleCache.noindex/Accessibility-E0MRPR3F4IQ66IYXZNAQ000ML.pcm

SwiftExplicitDependencyGeneratePcm arm64 /Users/chentao/Projects/chentao1006/quitty/build/ModuleCache.noindex/UniformTypeIdentifiers-85U0MVQYPL193RK6IHXUOHLWV.pcm

SwiftExplicitDependencyGeneratePcm arm64 /Users/chentao/Projects/chentao1006/quitty/build/ModuleCache.noindex/ApplicationServices-2U521X3I748RLFCUTADMYR85M.pcm

SwiftExplicitDependencyGeneratePcm arm64 /Users/chentao/Projects/chentao1006/quitty/build/Build/Intermediates.noindex/SwiftExplicitPrecompiledModules/Sparkle-5Q69L56FZSNXVJ7NL82O9Q6BZ.pcm

SwiftExplicitDependencyGeneratePcm arm64 /Users/chentao/Projects/chentao1006/quitty/build/ModuleCache.noindex/ServiceManagement-4C9BQXMTM9366TZKOSAYMWCC7.pcm

SwiftExplicitDependencyGeneratePcm arm64 /Users/chentao/Projects/chentao1006/quitty/build/ModuleCache.noindex/Metal-8N86K1WDRGMZAKUBPQTV6JMD3.pcm

SwiftExplicitDependencyGeneratePcm arm64 /Users/chentao/Projects/chentao1006/quitty/build/ModuleCache.noindex/CoreVideo-C3ZU8TW17AY4994G0TSSSYB44.pcm

SwiftExplicitDependencyGeneratePcm arm64 /Users/chentao/Projects/chentao1006/quitty/build/ModuleCache.noindex/QuartzCore-D5ROCXFX1178TKFEDBFPA23CI.pcm

SwiftExplicitDependencyGeneratePcm arm64 /Users/chentao/Projects/chentao1006/quitty/build/ModuleCache.noindex/CoreImage-7M89PDF9MH8QFEL3PIOJJQNX5.pcm

SwiftExplicitDependencyGeneratePcm arm64 /Users/chentao/Projects/chentao1006/quitty/build/ModuleCache.noindex/SwiftUICore-F28WM52KEBYRYYE1G706UMDBU.pcm

SwiftExplicitDependencyGeneratePcm arm64 /Users/chentao/Projects/chentao1006/quitty/build/ModuleCache.noindex/AppKit-30MBNLO7ODF6CQFKUOAVHEIMP.pcm

SwiftExplicitDependencyGeneratePcm arm64 /Users/chentao/Projects/chentao1006/quitty/build/ModuleCache.noindex/Cocoa-2U623TE32L53HFHO6J79OX8I5.pcm

SwiftExplicitDependencyGeneratePcm arm64 /Users/chentao/Projects/chentao1006/quitty/build/ModuleCache.noindex/SwiftUI-WRB3WJ0USS04Y5MZHFYOB9CK.pcm

SwiftCompile normal arm64 Compiling\ AppDelegate.swift,\ WindowWatcher.swift,\ Settings.swift,\ SettingsWindowController.swift,\ SettingsViewController.swift,\ FeedbackEngine.swift,\ GeneratedAssetSymbols.swift /Users/chentao/Projects/chentao1006/quitty/Quitty/AppDelegate.swift /Users/chentao/Projects/chentao1006/quitty/Quitty/WindowWatcher.swift /Users/chentao/Projects/chentao1006/quitty/Quitty/Settings.swift /Users/chentao/Projects/chentao1006/quitty/Quitty/SettingsWindowController.swift /Users/chentao/Projects/chentao1006/quitty/Quitty/SettingsViewController.swift /Users/chentao/Projects/chentao1006/quitty/Quitty/FeedbackEngine.swift /Users/chentao/Projects/chentao1006/quitty/build/Build/Intermediates.noindex/Quitty.build/Release/Quitty.build/DerivedSources/GeneratedAssetSymbols.swift /Applications/Xcode.app/Contents/Developer/Toolchains/XcodeDefault.xctoolchain/usr/lib/swift/macosx/prebuilt-modules/26.4/_Concurrency.swiftmodule/arm64e-apple-macos.swiftmodule /Applications/Xcode.app/Contents/Developer/Toolchains/XcodeDefault.xctoolchain/usr/lib/swift/macosx/prebuilt-modules/26.4/SwiftUI.swiftmodule/arm64e-apple-macos.swiftmodule /Applications/Xcode.app/Contents/Developer/Toolchains/XcodeDefault.xctoolchain/usr/lib/swift/macosx/prebuilt-modules/26.4/Swift.swiftmodule/arm64e-apple-macos.swiftmodule /Applications/Xcode.app/Contents/Developer/Toolchains/XcodeDefault.xctoolchain/usr/lib/swift/macosx/prebuilt-modules/26.4/OSLog.swiftmodule/arm64e-apple-macos.swiftmodule /Applications/Xcode.app/Contents/Developer/Toolchains/XcodeDefault.xctoolchain/usr/lib/swift/macosx/prebuilt-modules/26.4/UniformTypeIdentifiers.swiftmodule/arm64e-apple-macos.swiftmodule /Applications/Xcode.app/Contents/Developer/Toolchains/XcodeDefault.xctoolchain/usr/lib/swift/macosx/prebuilt-modules/26.4/_DarwinFoundation1.swiftmodule/arm64e-apple-macos.swiftmodule /Applications/Xcode.app/Contents/Developer/Toolchains/XcodeDefault.xctoolchain/usr/lib/swift/macosx/prebuilt-modules/26.4/_Builtin_float.swiftmodule/arm64e-apple-macos.swiftmodule /Applications/Xcode.app/Contents/Developer/Toolchains/XcodeDefault.xctoolchain/usr/lib/swift/macosx/prebuilt-modules/26.4/Accessibility.swiftmodule/arm64e-apple-macos.swiftmodule /Applications/Xcode.app/Contents/Developer/Toolchains/XcodeDefault.xctoolchain/usr/lib/swift/macosx/prebuilt-modules/26.4/simd.swiftmodule/arm64e-apple-macos.swiftmodule /Applications/Xcode.app/Contents/Developer/Toolchains/XcodeDefault.xctoolchain/usr/lib/swift/macosx/prebuilt-modules/26.4/XPC.swiftmodule/arm64e-apple-macos.swiftmodule /Applications/Xcode.app/Contents/Developer/Toolchains/XcodeDefault.xctoolchain/usr/lib/swift/macosx/prebuilt-modules/26.4/SwiftUICore.swiftmodule/arm64e-apple-macos.swiftmodule /Applications/Xcode.app/Contents/Developer/Toolchains/XcodeDefault.xctoolchain/usr/lib/swift/macosx/prebuilt-modules/26.4/Metal.swiftmodule/arm64e-apple-macos.swiftmodule /Applications/Xcode.app/Contents/Developer/Toolchains/XcodeDefault.xctoolchain/usr/lib/swift/macosx/prebuilt-modules/26.4/DeveloperToolsSupport.swiftmodule/arm64e-apple-macos.swiftmodule /Applications/Xcode.app/Contents/Developer/Toolchains/XcodeDefault.xctoolchain/usr/lib/swift/macosx/prebuilt-modules/26.4/Combine.swiftmodule/arm64e-apple-macos.swiftmodule /Applications/Xcode.app/Contents/Developer/Toolchains/XcodeDefault.xctoolchain/usr/lib/swift/macosx/prebuilt-modules/26.4/IOKit.swiftmodule/arm64e-apple-macos.swiftmodule /Applications/Xcode.app/Contents/Developer/Toolchains/XcodeDefault.xctoolchain/usr/lib/swift/macosx/prebuilt-modules/26.4/QuartzCore.swiftmodule/arm64e-apple-macos.swiftmodule /Applications/Xcode.app/Contents/Developer/Toolchains/XcodeDefault.xctoolchain/usr/lib/swift/macosx/prebuilt-modules/26.4/ObjectiveC.swiftmodule/arm64e-apple-macos.swiftmodule /Applications/Xcode.app/Contents/Developer/Toolchains/XcodeDefault.xctoolchain/usr/lib/swift/macosx/prebuilt-modules/26.4/CoreFoundation.swiftmodule/arm64e-apple-macos.swiftmodule /Applications/Xcode.app/Contents/Developer/Toolchains/XcodeDefault.xctoolchain/usr/lib/swift/macosx/prebuilt-modules/26.4/Dispatch.swiftmodule/arm64e-apple-macos.swiftmodule /Applications/Xcode.app/Contents/Developer/Toolchains/XcodeDefault.xctoolchain/usr/lib/swift/macosx/prebuilt-modules/26.4/CoreData.swiftmodule/arm64e-apple-macos.swiftmodule /Applications/Xcode.app/Contents/Developer/Toolchains/XcodeDefault.xctoolchain/usr/lib/swift/macosx/prebuilt-modules/26.4/Darwin.swiftmodule/arm64e-apple-macos.swiftmodule /Applications/Xcode.app/Contents/Developer/Toolchains/XcodeDefault.xctoolchain/usr/lib/swift/macosx/prebuilt-modules/26.4/CoreText.swiftmodule/arm64e-apple-macos.swiftmodule /Applications/Xcode.app/Contents/Developer/Toolchains/XcodeDefault.xctoolchain/usr/lib/swift/macosx/prebuilt-modules/26.4/Symbols.swiftmodule/arm64e-apple-macos.swiftmodule /Applications/Xcode.app/Contents/Developer/Toolchains/XcodeDefault.xctoolchain/usr/lib/swift/macosx/prebuilt-modules/26.4/_DarwinFoundation2.swiftmodule/arm64e-apple-macos.swiftmodule /Applications/Xcode.app/Contents/Developer/Toolchains/XcodeDefault.xctoolchain/usr/lib/swift/macosx/prebuilt-modules/26.4/CoreGraphics.swiftmodule/arm64e-apple-macos.swiftmodule /Applications/Xcode.app/Contents/Developer/Toolchains/XcodeDefault.xctoolchain/usr/lib/swift/macosx/prebuilt-modules/26.4/_StringProcessing.swiftmodule/arm64e-apple-macos.swiftmodule /Applications/Xcode.app/Contents/Developer/Toolchains/XcodeDefault.xctoolchain/usr/lib/swift/macosx/prebuilt-modules/26.4/Foundation.swiftmodule/arm64e-apple-macos.swiftmodule /Applications/Xcode.app/Contents/Developer/Toolchains/XcodeDefault.xctoolchain/usr/lib/swift/macosx/prebuilt-modules/26.4/DataDetection.swiftmodule/arm64e-apple-macos.swiftmodule /Applications/Xcode.app/Contents/Developer/Toolchains/XcodeDefault.xctoolchain/usr/lib/swift/macosx/prebuilt-modules/26.4/CoreTransferable.swiftmodule/arm64e-apple-macos.swiftmodule /Applications/Xcode.app/Contents/Developer/Toolchains/XcodeDefault.xctoolchain/usr/lib/swift/macosx/prebuilt-modules/26.4/os.swiftmodule/arm64e-apple-macos.swiftmodule /Applications/Xcode.app/Contents/Developer/Toolchains/XcodeDefault.xctoolchain/usr/lib/swift/macosx/prebuilt-modules/26.4/Spatial.swiftmodule/arm64e-apple-macos.swiftmodule /Applications/Xcode.app/Contents/Developer/Toolchains/XcodeDefault.xctoolchain/usr/lib/swift/macosx/prebuilt-modules/26.4/System.swiftmodule/arm64e-apple-macos.swiftmodule /Applications/Xcode.app/Contents/Developer/Toolchains/XcodeDefault.xctoolchain/usr/lib/swift/macosx/prebuilt-modules/26.4/CoreVideo.swiftmodule/arm64e-apple-macos.swiftmodule /Applications/Xcode.app/Contents/Developer/Toolchains/XcodeDefault.xctoolchain/usr/lib/swift/macosx/prebuilt-modules/26.4/Observation.swiftmodule/arm64e-apple-macos.swiftmodule /Applications/Xcode.app/Contents/Developer/Toolchains/XcodeDefault.xctoolchain/usr/lib/swift/macosx/prebuilt-modules/26.4/AppKit.swiftmodule/arm64e-apple-macos.swiftmodule /Applications/Xcode.app/Contents/Developer/Toolchains/XcodeDefault.xctoolchain/usr/lib/swift/macosx/prebuilt-modules/26.4/_DarwinFoundation3.swiftmodule/arm64e-apple-macos.swiftmodule /Applications/Xcode.app/Contents/Developer/Toolchains/XcodeDefault.xctoolchain/usr/lib/swift/macosx/prebuilt-modules/26.4/CoreImage.swiftmodule/arm64e-apple-macos.swiftmodule /Users/chentao/Projects/chentao1006/quitty/build/ModuleCache.noindex/os_workgroup-4A55US1SYUEYLYFJ3GPF3ZON6.pcm /Users/chentao/Projects/chentao1006/quitty/build/Build/Intermediates.noindex/SwiftExplicitPrecompiledModules/Sparkle-5Q69L56FZSNXVJ7NL82O9Q6BZ.pcm /Users/chentao/Projects/chentao1006/quitty/build/ModuleCache.noindex/os-EEPT92BU5NB2ATR8U86LJULZ0.pcm /Users/chentao/Projects/chentao1006/quitty/build/ModuleCache.noindex/_Builtin_stdatomic-1P734YH5MWILD4RHRRXFP9T0J.pcm /Users/chentao/Projects/chentao1006/quitty/build/ModuleCache.noindex/_Builtin_limits-9DL4IKVTMAGMBVIBBG5UDXXZP.pcm /Users/chentao/Projects/chentao1006/quitty/build/ModuleCache.noindex/XPC-BCBGZVU83FNPCYEA9NAZPD3VY.pcm /Users/chentao/Projects/chentao1006/quitty/build/ModuleCache.noindex/_DarwinFoundation3-3HHCYKX44JNP365C9IAJX7E5S.pcm /Users/chentao/Projects/chentao1006/quitty/build/ModuleCache.noindex/CUPS-1730YAM0F6FHKBZYJSTT1DH90.pcm /Users/chentao/Projects/chentao1006/quitty/build/ModuleCache.noindex/_Builtin_float-7DCQA2MOLPZED386CKJQPJ2I2.pcm /Users/chentao/Projects/chentao1006/quitty/build/ModuleCache.noindex/UniformTypeIdentifiers-85U0MVQYPL193RK6IHXUOHLWV.pcm /Users/chentao/Projects/chentao1006/quitty/build/ModuleCache.noindex/ptrcheck-2TRPNELKV5TW7O1L8NT6W6Q26.pcm /Users/chentao/Projects/chentao1006/quitty/build/ModuleCache.noindex/SwiftUICore-F28WM52KEBYRYYE1G706UMDBU.pcm /Users/chentao/Projects/chentao1006/quitty/build/ModuleCache.noindex/Dispatch-8PRSC0AF4D41FB3IYH6NHINEU.pcm /Users/chentao/Projects/chentao1006/quitty/build/ModuleCache.noindex/CoreImage-7M89PDF9MH8QFEL3PIOJJQNX5.pcm /Users/chentao/Projects/chentao1006/quitty/build/ModuleCache.noindex/CoreTransferable-CG2I9IN9YVQ92Q23S5O3C74HK.pcm /Users/chentao/Projects/chentao1006/quitty/build/ModuleCache.noindex/Security-E2S40469ZVD1IRYYKLOLVJYXZ.pcm /Users/chentao/Projects/chentao1006/quitty/build/ModuleCache.noindex/Metal-8N86K1WDRGMZAKUBPQTV6JMD3.pcm /Users/chentao/Projects/chentao1006/quitty/build/ModuleCache.noindex/ApplicationServices-2U521X3I748RLFCUTADMYR85M.pcm /Users/chentao/Projects/chentao1006/quitty/build/ModuleCache.noindex/DiskArbitration-5S5E7NQXYRLJG9I7IP2ZJ4TA2.pcm /Users/chentao/Projects/chentao1006/quitty/build/ModuleCache.noindex/ServiceManagement-4C9BQXMTM9366TZKOSAYMWCC7.pcm /Users/chentao/Projects/chentao1006/quitty/build/ModuleCache.noindex/CFNetwork-9F92L9SPYUDBSXY3C1FR8VERL.pcm /Users/chentao/Projects/chentao1006/quitty/build/ModuleCache.noindex/CoreVideo-C3ZU8TW17AY4994G0TSSSYB44.pcm /Users/chentao/Projects/chentao1006/quitty/build/ModuleCache.noindex/ImageIO-DL03QZKXNB0DQTYGOO1XZXS0O.pcm /Users/chentao/Projects/chentao1006/quitty/build/ModuleCache.noindex/_AvailabilityInternal-9EHX3IFISIWL6507UGSTLZ1H9.pcm /Users/chentao/Projects/chentao1006/quitty/build/ModuleCache.noindex/Foundation-ALEC7KQDUNBOXJUL0335BW3GQ.pcm /Users/chentao/Projects/chentao1006/quitty/build/ModuleCache.noindex/_DarwinFoundation1-B3TWG40EL980VR0TX3TTT457V.pcm /Users/chentao/Projects/chentao1006/quitty/build/ModuleCache.noindex/IOSurface-3Z1HTG6Z9BRUXI2WTGDHMSU5H.pcm /Users/chentao/Projects/chentao1006/quitty/build/ModuleCache.noindex/simd-1W6X8V2K2QSA90N5P7D7YS1FS.pcm /Users/chentao/Projects/chentao1006/quitty/build/ModuleCache.noindex/_Builtin_stddef-O444E8QRC86M9JPT8WQE8QGN.pcm /Users/chentao/Projects/chentao1006/quitty/build/ModuleCache.noindex/MachO-4GNWMGB6OSJKTG20I4E7T1S5M.pcm /Users/chentao/Projects/chentao1006/quitty/build/ModuleCache.noindex/SwiftShims-CCV6N9GNE888IZWXKQ9QC0T7G.pcm /Users/chentao/Projects/chentao1006/quitty/build/ModuleCache.noindex/CoreServices-9BVL7UFURR9O4G5E764GJ9C8Z.pcm /Users/chentao/Projects/chentao1006/quitty/build/ModuleCache.noindex/_Builtin_inttypes-1G083A3YXU8DJ5M60SNWK2LF.pcm /Users/chentao/Projects/chentao1006/quitty/build/ModuleCache.noindex/_Builtin_tgmath-2L2OICQXKOK6J5ZGDKOXZVCIS.pcm /Users/chentao/Projects/chentao1006/quitty/build/ModuleCache.noindex/Darwin-2GUCVHUH9TSQL3C1IVMGODH71.pcm /Users/chentao/Projects/chentao1006/quitty/build/ModuleCache.noindex/CoreGraphics-4QUE51R1AQQSUNWSUKUCDLWVW.pcm /Users/chentao/Projects/chentao1006/quitty/build/ModuleCache.noindex/Accessibility-E0MRPR3F4IQ66IYXZNAQ000ML.pcm /Users/chentao/Projects/chentao1006/quitty/build/ModuleCache.noindex/QuartzCore-D5ROCXFX1178TKFEDBFPA23CI.pcm /Users/chentao/Projects/chentao1006/quitty/build/ModuleCache.noindex/ObjectiveC-9OE5NCJZ45S76Q5RIGFQY48Z5.pcm /Users/chentao/Projects/chentao1006/quitty/build/ModuleCache.noindex/launch-2UVV523IIFO3HPXHKI7K3V5CK.pcm /Users/chentao/Projects/chentao1006/quitty/build/ModuleCache.noindex/_SwiftConcurrencyShims-9RR8YHPTMSKVEAFHWJM5I7YHM.pcm /Users/chentao/Projects/chentao1006/quitty/build/ModuleCache.noindex/DeveloperToolsSupport-80IYCNEHC29IWNAJS70GHJNDB.pcm /Users/chentao/Projects/chentao1006/quitty/build/ModuleCache.noindex/CoreText-2LWQGD9UFU5CK4BDEFFNDGFQ0.pcm /Users/chentao/Projects/chentao1006/quitty/build/ModuleCache.noindex/OSLog-EOH16IYTUMNM7ZFS830ITDXA5.pcm /Users/chentao/Projects/chentao1006/quitty/build/ModuleCache.noindex/SwiftUI-WRB3WJ0USS04Y5MZHFYOB9CK.pcm /Users/chentao/Projects/chentao1006/quitty/build/ModuleCache.noindex/os_object-3CKZHUJGC0UFUCD8HQ8N3T2CW.pcm /Users/chentao/Projects/chentao1006/quitty/build/ModuleCache.noindex/CoreFoundation-9A8Y0KXD9DVZNBUVPNV8MK84B.pcm /Users/chentao/Projects/chentao1006/quitty/build/ModuleCache.noindex/AppKit-30MBNLO7ODF6CQFKUOAVHEIMP.pcm /Users/chentao/Projects/chentao1006/quitty/build/ModuleCache.noindex/sys_types-GBUUOT5GPLTT9RH2AA0R7ZB5.pcm /Users/chentao/Projects/chentao1006/quitty/build/ModuleCache.noindex/_Builtin_stdbool-EBL5VGF9HTKTDHBUWLECKWRO.pcm /Users/chentao/Projects/chentao1006/quitty/build/ModuleCache.noindex/Symbols-85LF4M3IR7SAZCMGKHXIXLSGU.pcm /Users/chentao/Projects/chentao1006/quitty/build/ModuleCache.noindex/_Builtin_stdint-C2MVDXKTPJPFJHDOSKN3P55X7.pcm /Users/chentao/Projects/chentao1006/quitty/build/ModuleCache.noindex/IOKit-6UZBWOI18VL48LCN1AIJGWDQ1.pcm /Users/chentao/Projects/chentao1006/quitty/build/ModuleCache.noindex/Cocoa-2U623TE32L53HFHO6J79OX8I5.pcm /Users/chentao/Projects/chentao1006/quitty/build/ModuleCache.noindex/libDER-5ZCLKR15EMTYU4PG91TKQ4BQB.pcm /Users/chentao/Projects/chentao1006/quitty/build/ModuleCache.noindex/_DarwinFoundation2-28OMBE59XK3BH2YAS19BP3ZV4.pcm /Users/chentao/Projects/chentao1006/quitty/build/ModuleCache.noindex/OpenGL-9TKA6YED6A3MA3EY6NYNMBVEF.pcm /Users/chentao/Projects/chentao1006/quitty/build/ModuleCache.noindex/DataDetection-BD1YOLIS2GSUUZWTG2IKXXWKH.pcm /Users/chentao/Projects/chentao1006/quitty/build/ModuleCache.noindex/ColorSync-6DLEENOKH3GAEH6E650QMHS2Q.pcm /Users/chentao/Projects/chentao1006/quitty/build/ModuleCache.noindex/_Builtin_intrinsics-C0MP47RNHLPCIPVSJX08TQ1GP.pcm /Users/chentao/Projects/chentao1006/quitty/build/ModuleCache.noindex/CoreData-CRGG1GI878EG13M6NSVMMY0S1.pcm /Users/chentao/Projects/chentao1006/quitty/build/ModuleCache.noindex/ptrauth-72XTSZSXEH1F6THJMU5XQO68D.pcm /Users/chentao/Projects/chentao1006/quitty/build/ModuleCache.noindex/Spatial-6R72CFA8ZGC7XR6U1OEFMG032.pcm /Users/chentao/Projects/chentao1006/quitty/build/ModuleCache.noindex/_Builtin_stdarg-A0J7VBJR6C9JASNKRV2UCFELW.pcm /Users/chentao/Projects/chentao1006/quitty/build/ModuleCache.noindex/libkern-9DCLIAWFAHMXB9BU9XPL0XC03.pcm /Users/chentao/Projects/chentao1006/quitty/build/Build/Intermediates.noindex/Quitty.build/Release/Quitty.build/Objects-normal/arm64/Quitty-dependencies-1.json (in target 'Quitty' from project 'Quitty')

CompileSwift normal arm64 (in target 'Quitty' from project 'Quitty')
    cd /Users/chentao/Projects/chentao1006/quitty
    
/Users/chentao/Projects/chentao1006/quitty/Quitty/WindowWatcher.swift:76:18: warning: immutable value 'pid' was never used; consider replacing with '_' or removing it
            for (pid, observer) in self.observers {
                 ^~~
                 _
/Users/chentao/Projects/chentao1006/quitty/Quitty/WindowWatcher.swift:107:18: warning: immutable value 'pid' was never used; consider replacing with '_' or removing it
            for (pid, observer) in self.observers {
                 ^~~
                 _
/Users/chentao/Projects/chentao1006/quitty/Quitty/SettingsViewController.swift:325:33: error: 'init(_:content:)' is only available in macOS 12.0 or newer
                                Section(settings.localizedString("running_apps")) {
                                ^
/Users/chentao/Projects/chentao1006/quitty/Quitty/SettingsViewController.swift:325:33: note: add 'if #available' version check
                                Section(settings.localizedString("running_apps")) {
                                ^
/Users/chentao/Projects/chentao1006/quitty/Quitty/SettingsViewController.swift:233:9: note: add '@available' attribute to enclosing property
    var body: some View {
        ^
/Users/chentao/Projects/chentao1006/quitty/Quitty/SettingsViewController.swift:228:8: note: add '@available' attribute to enclosing struct
struct AppListSettingsView: View {
       ^
/Users/chentao/Projects/chentao1006/quitty/Quitty/SettingsViewController.swift:355:26: error: 'menuIndicator' is only available in macOS 12.0 or newer
                        .menuIndicator(.hidden)
                         ^
/Users/chentao/Projects/chentao1006/quitty/Quitty/SettingsViewController.swift:355:26: note: add 'if #available' version check
                        .menuIndicator(.hidden)
                         ^
/Users/chentao/Projects/chentao1006/quitty/Quitty/SettingsViewController.swift:233:9: note: add '@available' attribute to enclosing property
    var body: some View {
        ^
/Users/chentao/Projects/chentao1006/quitty/Quitty/SettingsViewController.swift:228:8: note: add '@available' attribute to enclosing struct
struct AppListSettingsView: View {
       ^

Failed frontend command:
/Applications/Xcode.app/Contents/Developer/Toolchains/XcodeDefault.xctoolchain/usr/bin/swift-frontend -frontend -c /Users/chentao/Projects/chentao1006/quitty/Quitty/AppDelegate.swift /Users/chentao/Projects/chentao1006/quitty/Quitty/WindowWatcher.swift /Users/chentao/Projects/chentao1006/quitty/Quitty/Settings.swift /Users/chentao/Projects/chentao1006/quitty/Quitty/SettingsWindowController.swift /Users/chentao/Projects/chentao1006/quitty/Quitty/SettingsViewController.swift /Users/chentao/Projects/chentao1006/quitty/Quitty/FeedbackEngine.swift /Users/chentao/Projects/chentao1006/quitty/build/Build/Intermediates.noindex/Quitty.build/Release/Quitty.build/DerivedSources/GeneratedAssetSymbols.swift -supplementary-output-file-map /Users/chentao/Projects/chentao1006/quitty/build/Build/Intermediates.noindex/Quitty.build/Release/Quitty.build/Objects-normal/arm64/supplementaryOutputs-1 -emit-localized-strings -emit-localized-strings-path /Users/chentao/Projects/chentao1006/quitty/build/Build/Intermediates.noindex/Quitty.build/Release/Quitty.build/Objects-normal/arm64 -target arm64-apple-macos11.5 -module-can-import-version AppKit 2685.50.119 2685.50.119 -module-can-import-version DeveloperToolsSupport 23.40.26 23.40.26 -module-can-import-version SwiftUI 7.4.27 7.4.27 -load-resolved-plugin /Applications/Xcode.app/Contents/Developer/Platforms/MacOSX.platform/Developer/usr/lib/swift/host/plugins/libFoundationMacros.dylib\#/Applications/Xcode.app/Contents/Developer/Platforms/MacOSX.platform/Developer/usr/bin/swift-plugin-server\#FoundationMacros -load-resolved-plugin /Applications/Xcode.app/Contents/Developer/Platforms/MacOSX.platform/Developer/usr/lib/swift/host/plugins/libObservationMacros.dylib\#/Applications/Xcode.app/Contents/Developer/Platforms/MacOSX.platform/Developer/usr/bin/swift-plugin-server\#ObservationMacros -load-resolved-plugin /Applications/Xcode.app/Contents/Developer/Platforms/MacOSX.platform/Developer/usr/lib/swift/host/plugins/libPreviewsMacros.dylib\#/Applications/Xcode.app/Contents/Developer/Platforms/MacOSX.platform/Developer/usr/bin/swift-plugin-server\#PreviewsMacros -load-resolved-plugin /Applications/Xcode.app/Contents/Developer/Platforms/MacOSX.platform/Developer/usr/lib/swift/host/plugins/libSwiftMacros.dylib\#/Applications/Xcode.app/Contents/Developer/Platforms/MacOSX.platform/Developer/usr/bin/swift-plugin-server\#SwiftMacros -load-resolved-plugin /Applications/Xcode.app/Contents/Developer/Platforms/MacOSX.platform/Developer/usr/lib/swift/host/plugins/libSwiftUIMacros.dylib\#/Applications/Xcode.app/Contents/Developer/Platforms/MacOSX.platform/Developer/usr/bin/swift-plugin-server\#SwiftUIMacros -disable-implicit-swift-modules -Xcc -fno-implicit-modules -Xcc -fno-implicit-module-maps -explicit-swift-module-map-file /Users/chentao/Projects/chentao1006/quitty/build/Build/Intermediates.noindex/Quitty.build/Release/Quitty.build/Objects-normal/arm64/Quitty-dependencies-1.json -debug-module-path /Users/chentao/Projects/chentao1006/quitty/build/Build/Intermediates.noindex/Quitty.build/Release/Quitty.build/Objects-normal/arm64/Quitty.swiftmodule -Xllvm -aarch64-use-tbi -enable-objc-interop -stack-check -sdk /Applications/Xcode.app/Contents/Developer/Platforms/MacOSX.platform/Developer/SDKs/MacOSX26.4.sdk -I /Users/chentao/Projects/chentao1006/quitty/build -F /Users/chentao/Projects/chentao1006/quitty/build -no-color-diagnostics -Xcc -fno-color-diagnostics -g -debug-info-format\=dwarf -dwarf-version\=4 -module-cache-path /Users/chentao/Projects/chentao1006/quitty/build/Build/Intermediates.noindex/SwiftExplicitPrecompiledModules -swift-version 5 -O -serialize-debugging-options -const-gather-protocols-file /Users/chentao/Projects/chentao1006/quitty/build/Build/Intermediates.noindex/Quitty.build/Release/Quitty.build/Objects-normal/arm64/Quitty_const_extract_protocols.json -enable-experimental-feature DebugDescriptionMacro -enable-bare-slash-regex -empty-abi-descriptor -validate-clang-modules-once -clang-build-session-file /Users/chentao/Projects/chentao1006/quitty/build/ModuleCache.noindex/Session.modulevalidation -Xcc -working-directory -Xcc /Users/chentao/Projects/chentao1006/quitty -file-compilation-dir /Users/chentao/Projects/chentao1006/quitty -Xcc -ivfsstatcache -Xcc /Users/chentao/Projects/chentao1006/quitty/build/SDKStatCaches.noindex/macosx26.4-25E236-30f9ca8789b706f8bd3fc906a70d770f.sdkstatcache -Xcc -I/Users/chentao/Projects/chentao1006/quitty/build/Build/Intermediates.noindex/Quitty.build/Release/Quitty.build/swift-overrides.hmap -Xcc -iquote -Xcc /Users/chentao/Projects/chentao1006/quitty/build/Build/Intermediates.noindex/Quitty.build/Release/Quitty.build/Quitty-generated-files.hmap -Xcc -I/Users/chentao/Projects/chentao1006/quitty/build/Build/Intermediates.noindex/Quitty.build/Release/Quitty.build/Quitty-own-target-headers.hmap -Xcc -I/Users/chentao/Projects/chentao1006/quitty/build/Build/Intermediates.noindex/Quitty.build/Release/Quitty.build/Quitty-all-target-headers.hmap -Xcc -iquote -Xcc /Users/chentao/Projects/chentao1006/quitty/build/Build/Intermediates.noindex/Quitty.build/Release/Quitty.build/Quitty-project-headers.hmap -Xcc -I/Users/chentao/Projects/chentao1006/quitty/build/include -Xcc -I/Users/chentao/Projects/chentao1006/quitty/build/Build/Intermediates.noindex/Quitty.build/Release/Quitty.build/DerivedSources-normal/arm64 -Xcc -I/Users/chentao/Projects/chentao1006/quitty/build/Build/Intermediates.noindex/Quitty.build/Release/Quitty.build/DerivedSources/arm64 -Xcc -I/Users/chentao/Projects/chentao1006/quitty/build/Build/Intermediates.noindex/Quitty.build/Release/Quitty.build/DerivedSources -no-auto-bridging-header-chaining -module-name Quitty -frontend-parseable-output -disable-clang-spi -clang-target arm64-apple-macos26.4 -target-sdk-version 26.4 -target-sdk-name macosx26.4 -in-process-plugin-server-path /Applications/Xcode.app/Contents/Developer/Toolchains/XcodeDefault.xctoolchain/usr/lib/swift/host/libSwiftInProcPluginServer.dylib -enable-default-cmo -num-threads 8 -o /Users/chentao/Projects/chentao1006/quitty/build/Build/Intermediates.noindex/Quitty.build/Release/Quitty.build/Objects-normal/arm64/AppDelegate.o -o /Users/chentao/Projects/chentao1006/quitty/build/Build/Intermediates.noindex/Quitty.build/Release/Quitty.build/Objects-normal/arm64/WindowWatcher.o -o /Users/chentao/Projects/chentao1006/quitty/build/Build/Intermediates.noindex/Quitty.build/Release/Quitty.build/Objects-normal/arm64/Settings.o -o /Users/chentao/Projects/chentao1006/quitty/build/Build/Intermediates.noindex/Quitty.build/Release/Quitty.build/Objects-normal/arm64/SettingsWindowController.o -o /Users/chentao/Projects/chentao1006/quitty/build/Build/Intermediates.noindex/Quitty.build/Release/Quitty.build/Objects-normal/arm64/SettingsViewController.o -o /Users/chentao/Projects/chentao1006/quitty/build/Build/Intermediates.noindex/Quitty.build/Release/Quitty.build/Objects-normal/arm64/FeedbackEngine.o -o /Users/chentao/Projects/chentao1006/quitty/build/Build/Intermediates.noindex/Quitty.build/Release/Quitty.build/Objects-normal/arm64/GeneratedAssetSymbols.o -index-unit-output-path /Quitty.build/Release/Quitty.build/Objects-normal/arm64/AppDelegate.o -index-unit-output-path /Quitty.build/Release/Quitty.build/Objects-normal/arm64/WindowWatcher.o -index-unit-output-path /Quitty.build/Release/Quitty.build/Objects-normal/arm64/Settings.o -index-unit-output-path /Quitty.build/Release/Quitty.build/Objects-normal/arm64/SettingsWindowController.o -index-unit-output-path /Quitty.build/Release/Quitty.build/Objects-normal/arm64/SettingsViewController.o -index-unit-output-path /Quitty.build/Release/Quitty.build/Objects-normal/arm64/FeedbackEngine.o -index-unit-output-path /Quitty.build/Release/Quitty.build/Objects-normal/arm64/GeneratedAssetSymbols.o
** BUILD FAILED **


The following build commands failed:
	CompileSwift normal arm64 (in target 'Quitty' from project 'Quitty')
	SwiftCompile normal arm64 Compiling\ AppDelegate.swift,\ WindowWatcher.swift,\ Settings.swift,\ SettingsWindowController.swift,\ SettingsViewController.swift,\ FeedbackEngine.swift,\ GeneratedAssetSymbols.swift /Users/chentao/Projects/chentao1006/quitty/Quitty/AppDelegate.swift /Users/chentao/Projects/chentao1006/quitty/Quitty/WindowWatcher.swift /Users/chentao/Projects/chentao1006/quitty/Quitty/Settings.swift /Users/chentao/Projects/chentao1006/quitty/Quitty/SettingsWindowController.swift /Users/chentao/Projects/chentao1006/quitty/Quitty/SettingsViewController.swift /Users/chentao/Projects/chentao1006/quitty/Quitty/FeedbackEngine.swift /Users/chentao/Projects/chentao1006/quitty/build/Build/Intermediates.noindex/Quitty.build/Release/Quitty.build/DerivedSources/GeneratedAssetSymbols.swift /Applications/Xcode.app/Contents/Developer/Toolchains/XcodeDefault.xctoolchain/usr/lib/swift/macosx/prebuilt-modules/26.4/_Concurrency.swiftmodule/arm64e-apple-macos.swiftmodule /Applications/Xcode.app/Contents/Developer/Toolchains/XcodeDefault.xctoolchain/usr/lib/swift/macosx/prebuilt-modules/26.4/SwiftUI.swiftmodule/arm64e-apple-macos.swiftmodule /Applications/Xcode.app/Contents/Developer/Toolchains/XcodeDefault.xctoolchain/usr/lib/swift/macosx/prebuilt-modules/26.4/Swift.swiftmodule/arm64e-apple-macos.swiftmodule /Applications/Xcode.app/Contents/Developer/Toolchains/XcodeDefault.xctoolchain/usr/lib/swift/macosx/prebuilt-modules/26.4/OSLog.swiftmodule/arm64e-apple-macos.swiftmodule /Applications/Xcode.app/Contents/Developer/Toolchains/XcodeDefault.xctoolchain/usr/lib/swift/macosx/prebuilt-modules/26.4/UniformTypeIdentifiers.swiftmodule/arm64e-apple-macos.swiftmodule /Applications/Xcode.app/Contents/Developer/Toolchains/XcodeDefault.xctoolchain/usr/lib/swift/macosx/prebuilt-modules/26.4/_DarwinFoundation1.swiftmodule/arm64e-apple-macos.swiftmodule /Applications/Xcode.app/Contents/Developer/Toolchains/XcodeDefault.xctoolchain/usr/lib/swift/macosx/prebuilt-modules/26.4/_Builtin_float.swiftmodule/arm64e-apple-macos.swiftmodule /Applications/Xcode.app/Contents/Developer/Toolchains/XcodeDefault.xctoolchain/usr/lib/swift/macosx/prebuilt-modules/26.4/Accessibility.swiftmodule/arm64e-apple-macos.swiftmodule /Applications/Xcode.app/Contents/Developer/Toolchains/XcodeDefault.xctoolchain/usr/lib/swift/macosx/prebuilt-modules/26.4/simd.swiftmodule/arm64e-apple-macos.swiftmodule /Applications/Xcode.app/Contents/Developer/Toolchains/XcodeDefault.xctoolchain/usr/lib/swift/macosx/prebuilt-modules/26.4/XPC.swiftmodule/arm64e-apple-macos.swiftmodule /Applications/Xcode.app/Contents/Developer/Toolchains/XcodeDefault.xctoolchain/usr/lib/swift/macosx/prebuilt-modules/26.4/SwiftUICore.swiftmodule/arm64e-apple-macos.swiftmodule /Applications/Xcode.app/Contents/Developer/Toolchains/XcodeDefault.xctoolchain/usr/lib/swift/macosx/prebuilt-modules/26.4/Metal.swiftmodule/arm64e-apple-macos.swiftmodule /Applications/Xcode.app/Contents/Developer/Toolchains/XcodeDefault.xctoolchain/usr/lib/swift/macosx/prebuilt-modules/26.4/DeveloperToolsSupport.swiftmodule/arm64e-apple-macos.swiftmodule /Applications/Xcode.app/Contents/Developer/Toolchains/XcodeDefault.xctoolchain/usr/lib/swift/macosx/prebuilt-modules/26.4/Combine.swiftmodule/arm64e-apple-macos.swiftmodule /Applications/Xcode.app/Contents/Developer/Toolchains/XcodeDefault.xctoolchain/usr/lib/swift/macosx/prebuilt-modules/26.4/IOKit.swiftmodule/arm64e-apple-macos.swiftmodule /Applications/Xcode.app/Contents/Developer/Toolchains/XcodeDefault.xctoolchain/usr/lib/swift/macosx/prebuilt-modules/26.4/QuartzCore.swiftmodule/arm64e-apple-macos.swiftmodule /Applications/Xcode.app/Contents/Developer/Toolchains/XcodeDefault.xctoolchain/usr/lib/swift/macosx/prebuilt-modules/26.4/ObjectiveC.swiftmodule/arm64e-apple-macos.swiftmodule /Applications/Xcode.app/Contents/Developer/Toolchains/XcodeDefault.xctoolchain/usr/lib/swift/macosx/prebuilt-modules/26.4/CoreFoundation.swiftmodule/arm64e-apple-macos.swiftmodule /Applications/Xcode.app/Contents/Developer/Toolchains/XcodeDefault.xctoolchain/usr/lib/swift/macosx/prebuilt-modules/26.4/Dispatch.swiftmodule/arm64e-apple-macos.swiftmodule /Applications/Xcode.app/Contents/Developer/Toolchains/XcodeDefault.xctoolchain/usr/lib/swift/macosx/prebuilt-modules/26.4/CoreData.swiftmodule/arm64e-apple-macos.swiftmodule /Applications/Xcode.app/Contents/Developer/Toolchains/XcodeDefault.xctoolchain/usr/lib/swift/macosx/prebuilt-modules/26.4/Darwin.swiftmodule/arm64e-apple-macos.swiftmodule /Applications/Xcode.app/Contents/Developer/Toolchains/XcodeDefault.xctoolchain/usr/lib/swift/macosx/prebuilt-modules/26.4/CoreText.swiftmodule/arm64e-apple-macos.swiftmodule /Applications/Xcode.app/Contents/Developer/Toolchains/XcodeDefault.xctoolchain/usr/lib/swift/macosx/prebuilt-modules/26.4/Symbols.swiftmodule/arm64e-apple-macos.swiftmodule /Applications/Xcode.app/Contents/Developer/Toolchains/XcodeDefault.xctoolchain/usr/lib/swift/macosx/prebuilt-modules/26.4/_DarwinFoundation2.swiftmodule/arm64e-apple-macos.swiftmodule /Applications/Xcode.app/Contents/Developer/Toolchains/XcodeDefault.xctoolchain/usr/lib/swift/macosx/prebuilt-modules/26.4/CoreGraphics.swiftmodule/arm64e-apple-macos.swiftmodule /Applications/Xcode.app/Contents/Developer/Toolchains/XcodeDefault.xctoolchain/usr/lib/swift/macosx/prebuilt-modules/26.4/_StringProcessing.swiftmodule/arm64e-apple-macos.swiftmodule /Applications/Xcode.app/Contents/Developer/Toolchains/XcodeDefault.xctoolchain/usr/lib/swift/macosx/prebuilt-modules/26.4/Foundation.swiftmodule/arm64e-apple-macos.swiftmodule /Applications/Xcode.app/Contents/Developer/Toolchains/XcodeDefault.xctoolchain/usr/lib/swift/macosx/prebuilt-modules/26.4/DataDetection.swiftmodule/arm64e-apple-macos.swiftmodule /Applications/Xcode.app/Contents/Developer/Toolchains/XcodeDefault.xctoolchain/usr/lib/swift/macosx/prebuilt-modules/26.4/CoreTransferable.swiftmodule/arm64e-apple-macos.swiftmodule /Applications/Xcode.app/Contents/Developer/Toolchains/XcodeDefault.xctoolchain/usr/lib/swift/macosx/prebuilt-modules/26.4/os.swiftmodule/arm64e-apple-macos.swiftmodule /Applications/Xcode.app/Contents/Developer/Toolchains/XcodeDefault.xctoolchain/usr/lib/swift/macosx/prebuilt-modules/26.4/Spatial.swiftmodule/arm64e-apple-macos.swiftmodule /Applications/Xcode.app/Contents/Developer/Toolchains/XcodeDefault.xctoolchain/usr/lib/swift/macosx/prebuilt-modules/26.4/System.swiftmodule/arm64e-apple-macos.swiftmodule /Applications/Xcode.app/Contents/Developer/Toolchains/XcodeDefault.xctoolchain/usr/lib/swift/macosx/prebuilt-modules/26.4/CoreVideo.swiftmodule/arm64e-apple-macos.swiftmodule /Applications/Xcode.app/Contents/Developer/Toolchains/XcodeDefault.xctoolchain/usr/lib/swift/macosx/prebuilt-modules/26.4/Observation.swiftmodule/arm64e-apple-macos.swiftmodule /Applications/Xcode.app/Contents/Developer/Toolchains/XcodeDefault.xctoolchain/usr/lib/swift/macosx/prebuilt-modules/26.4/AppKit.swiftmodule/arm64e-apple-macos.swiftmodule /Applications/Xcode.app/Contents/Developer/Toolchains/XcodeDefault.xctoolchain/usr/lib/swift/macosx/prebuilt-modules/26.4/_DarwinFoundation3.swiftmodule/arm64e-apple-macos.swiftmodule /Applications/Xcode.app/Contents/Developer/Toolchains/XcodeDefault.xctoolchain/usr/lib/swift/macosx/prebuilt-modules/26.4/CoreImage.swiftmodule/arm64e-apple-macos.swiftmodule /Users/chentao/Projects/chentao1006/quitty/build/ModuleCache.noindex/os_workgroup-4A55US1SYUEYLYFJ3GPF3ZON6.pcm /Users/chentao/Projects/chentao1006/quitty/build/Build/Intermediates.noindex/SwiftExplicitPrecompiledModules/Sparkle-5Q69L56FZSNXVJ7NL82O9Q6BZ.pcm /Users/chentao/Projects/chentao1006/quitty/build/ModuleCache.noindex/os-EEPT92BU5NB2ATR8U86LJULZ0.pcm /Users/chentao/Projects/chentao1006/quitty/build/ModuleCache.noindex/_Builtin_stdatomic-1P734YH5MWILD4RHRRXFP9T0J.pcm /Users/chentao/Projects/chentao1006/quitty/build/ModuleCache.noindex/_Builtin_limits-9DL4IKVTMAGMBVIBBG5UDXXZP.pcm /Users/chentao/Projects/chentao1006/quitty/build/ModuleCache.noindex/XPC-BCBGZVU83FNPCYEA9NAZPD3VY.pcm /Users/chentao/Projects/chentao1006/quitty/build/ModuleCache.noindex/_DarwinFoundation3-3HHCYKX44JNP365C9IAJX7E5S.pcm /Users/chentao/Projects/chentao1006/quitty/build/ModuleCache.noindex/CUPS-1730YAM0F6FHKBZYJSTT1DH90.pcm /Users/chentao/Projects/chentao1006/quitty/build/ModuleCache.noindex/_Builtin_float-7DCQA2MOLPZED386CKJQPJ2I2.pcm /Users/chentao/Projects/chentao1006/quitty/build/ModuleCache.noindex/UniformTypeIdentifiers-85U0MVQYPL193RK6IHXUOHLWV.pcm /Users/chentao/Projects/chentao1006/quitty/build/ModuleCache.noindex/ptrcheck-2TRPNELKV5TW7O1L8NT6W6Q26.pcm /Users/chentao/Projects/chentao1006/quitty/build/ModuleCache.noindex/SwiftUICore-F28WM52KEBYRYYE1G706UMDBU.pcm /Users/chentao/Projects/chentao1006/quitty/build/ModuleCache.noindex/Dispatch-8PRSC0AF4D41FB3IYH6NHINEU.pcm /Users/chentao/Projects/chentao1006/quitty/build/ModuleCache.noindex/CoreImage-7M89PDF9MH8QFEL3PIOJJQNX5.pcm /Users/chentao/Projects/chentao1006/quitty/build/ModuleCache.noindex/CoreTransferable-CG2I9IN9YVQ92Q23S5O3C74HK.pcm /Users/chentao/Projects/chentao1006/quitty/build/ModuleCache.noindex/Security-E2S40469ZVD1IRYYKLOLVJYXZ.pcm /Users/chentao/Projects/chentao1006/quitty/build/ModuleCache.noindex/Metal-8N86K1WDRGMZAKUBPQTV6JMD3.pcm /Users/chentao/Projects/chentao1006/quitty/build/ModuleCache.noindex/ApplicationServices-2U521X3I748RLFCUTADMYR85M.pcm /Users/chentao/Projects/chentao1006/quitty/build/ModuleCache.noindex/DiskArbitration-5S5E7NQXYRLJG9I7IP2ZJ4TA2.pcm /Users/chentao/Projects/chentao1006/quitty/build/ModuleCache.noindex/ServiceManagement-4C9BQXMTM9366TZKOSAYMWCC7.pcm /Users/chentao/Projects/chentao1006/quitty/build/ModuleCache.noindex/CFNetwork-9F92L9SPYUDBSXY3C1FR8VERL.pcm /Users/chentao/Projects/chentao1006/quitty/build/ModuleCache.noindex/CoreVideo-C3ZU8TW17AY4994G0TSSSYB44.pcm /Users/chentao/Projects/chentao1006/quitty/build/ModuleCache.noindex/ImageIO-DL03QZKXNB0DQTYGOO1XZXS0O.pcm /Users/chentao/Projects/chentao1006/quitty/build/ModuleCache.noindex/_AvailabilityInternal-9EHX3IFISIWL6507UGSTLZ1H9.pcm /Users/chentao/Projects/chentao1006/quitty/build/ModuleCache.noindex/Foundation-ALEC7KQDUNBOXJUL0335BW3GQ.pcm /Users/chentao/Projects/chentao1006/quitty/build/ModuleCache.noindex/_DarwinFoundation1-B3TWG40EL980VR0TX3TTT457V.pcm /Users/chentao/Projects/chentao1006/quitty/build/ModuleCache.noindex/IOSurface-3Z1HTG6Z9BRUXI2WTGDHMSU5H.pcm /Users/chentao/Projects/chentao1006/quitty/build/ModuleCache.noindex/simd-1W6X8V2K2QSA90N5P7D7YS1FS.pcm /Users/chentao/Projects/chentao1006/quitty/build/ModuleCache.noindex/_Builtin_stddef-O444E8QRC86M9JPT8WQE8QGN.pcm /Users/chentao/Projects/chentao1006/quitty/build/ModuleCache.noindex/MachO-4GNWMGB6OSJKTG20I4E7T1S5M.pcm /Users/chentao/Projects/chentao1006/quitty/build/ModuleCache.noindex/SwiftShims-CCV6N9GNE888IZWXKQ9QC0T7G.pcm /Users/chentao/Projects/chentao1006/quitty/build/ModuleCache.noindex/CoreServices-9BVL7UFURR9O4G5E764GJ9C8Z.pcm /Users/chentao/Projects/chentao1006/quitty/build/ModuleCache.noindex/_Builtin_inttypes-1G083A3YXU8DJ5M60SNWK2LF.pcm /Users/chentao/Projects/chentao1006/quitty/build/ModuleCache.noindex/_Builtin_tgmath-2L2OICQXKOK6J5ZGDKOXZVCIS.pcm /Users/chentao/Projects/chentao1006/quitty/build/ModuleCache.noindex/Darwin-2GUCVHUH9TSQL3C1IVMGODH71.pcm /Users/chentao/Projects/chentao1006/quitty/build/ModuleCache.noindex/CoreGraphics-4QUE51R1AQQSUNWSUKUCDLWVW.pcm /Users/chentao/Projects/chentao1006/quitty/build/ModuleCache.noindex/Accessibility-E0MRPR3F4IQ66IYXZNAQ000ML.pcm /Users/chentao/Projects/chentao1006/quitty/build/ModuleCache.noindex/QuartzCore-D5ROCXFX1178TKFEDBFPA23CI.pcm /Users/chentao/Projects/chentao1006/quitty/build/ModuleCache.noindex/ObjectiveC-9OE5NCJZ45S76Q5RIGFQY48Z5.pcm /Users/chentao/Projects/chentao1006/quitty/build/ModuleCache.noindex/launch-2UVV523IIFO3HPXHKI7K3V5CK.pcm /Users/chentao/Projects/chentao1006/quitty/build/ModuleCache.noindex/_SwiftConcurrencyShims-9RR8YHPTMSKVEAFHWJM5I7YHM.pcm /Users/chentao/Projects/chentao1006/quitty/build/ModuleCache.noindex/DeveloperToolsSupport-80IYCNEHC29IWNAJS70GHJNDB.pcm /Users/chentao/Projects/chentao1006/quitty/build/ModuleCache.noindex/CoreText-2LWQGD9UFU5CK4BDEFFNDGFQ0.pcm /Users/chentao/Projects/chentao1006/quitty/build/ModuleCache.noindex/OSLog-EOH16IYTUMNM7ZFS830ITDXA5.pcm /Users/chentao/Projects/chentao1006/quitty/build/ModuleCache.noindex/SwiftUI-WRB3WJ0USS04Y5MZHFYOB9CK.pcm /Users/chentao/Projects/chentao1006/quitty/build/ModuleCache.noindex/os_object-3CKZHUJGC0UFUCD8HQ8N3T2CW.pcm /Users/chentao/Projects/chentao1006/quitty/build/ModuleCache.noindex/CoreFoundation-9A8Y0KXD9DVZNBUVPNV8MK84B.pcm /Users/chentao/Projects/chentao1006/quitty/build/ModuleCache.noindex/AppKit-30MBNLO7ODF6CQFKUOAVHEIMP.pcm /Users/chentao/Projects/chentao1006/quitty/build/ModuleCache.noindex/sys_types-GBUUOT5GPLTT9RH2AA0R7ZB5.pcm /Users/chentao/Projects/chentao1006/quitty/build/ModuleCache.noindex/_Builtin_stdbool-EBL5VGF9HTKTDHBUWLECKWRO.pcm /Users/chentao/Projects/chentao1006/quitty/build/ModuleCache.noindex/Symbols-85LF4M3IR7SAZCMGKHXIXLSGU.pcm /Users/chentao/Projects/chentao1006/quitty/build/ModuleCache.noindex/_Builtin_stdint-C2MVDXKTPJPFJHDOSKN3P55X7.pcm /Users/chentao/Projects/chentao1006/quitty/build/ModuleCache.noindex/IOKit-6UZBWOI18VL48LCN1AIJGWDQ1.pcm /Users/chentao/Projects/chentao1006/quitty/build/ModuleCache.noindex/Cocoa-2U623TE32L53HFHO6J79OX8I5.pcm /Users/chentao/Projects/chentao1006/quitty/build/ModuleCache.noindex/libDER-5ZCLKR15EMTYU4PG91TKQ4BQB.pcm /Users/chentao/Projects/chentao1006/quitty/build/ModuleCache.noindex/_DarwinFoundation2-28OMBE59XK3BH2YAS19BP3ZV4.pcm /Users/chentao/Projects/chentao1006/quitty/build/ModuleCache.noindex/OpenGL-9TKA6YED6A3MA3EY6NYNMBVEF.pcm /Users/chentao/Projects/chentao1006/quitty/build/ModuleCache.noindex/DataDetection-BD1YOLIS2GSUUZWTG2IKXXWKH.pcm /Users/chentao/Projects/chentao1006/quitty/build/ModuleCache.noindex/ColorSync-6DLEENOKH3GAEH6E650QMHS2Q.pcm /Users/chentao/Projects/chentao1006/quitty/build/ModuleCache.noindex/_Builtin_intrinsics-C0MP47RNHLPCIPVSJX08TQ1GP.pcm /Users/chentao/Projects/chentao1006/quitty/build/ModuleCache.noindex/CoreData-CRGG1GI878EG13M6NSVMMY0S1.pcm /Users/chentao/Projects/chentao1006/quitty/build/ModuleCache.noindex/ptrauth-72XTSZSXEH1F6THJMU5XQO68D.pcm /Users/chentao/Projects/chentao1006/quitty/build/ModuleCache.noindex/Spatial-6R72CFA8ZGC7XR6U1OEFMG032.pcm /Users/chentao/Projects/chentao1006/quitty/build/ModuleCache.noindex/_Builtin_stdarg-A0J7VBJR6C9JASNKRV2UCFELW.pcm /Users/chentao/Projects/chentao1006/quitty/build/ModuleCache.noindex/libkern-9DCLIAWFAHMXB9BU9XPL0XC03.pcm /Users/chentao/Projects/chentao1006/quitty/build/Build/Intermediates.noindex/Quitty.build/Release/Quitty.build/Objects-normal/arm64/Quitty-dependencies-1.json (in target 'Quitty' from project 'Quitty')
	Building project Quitty with scheme Quitty and configuration Release
(3 failures)
